// Jest Snapshot v1, https://goo.gl/fbAQLP

exports[`react-bound renders 1`] = `"<textarea name=\\"formA.unicornInput\\"></textarea>"`;
